---
source: crates/sui-package-resolver/src/lib.rs
expression: "format!(\"{layout:#}\")"
---
struct 0xc0::m::T0 {
    t: struct 0xa0::n::T0 {
        t: struct 0xa0::m::T1<u16, u32> {
            a: address,
            p: u16,
            q: vector<u32>,
        },
        u: struct 0xa0::m::T2 {
            x: u8,
        },
    },
    u: struct 0xa1::n::T1 {
        t: struct 0xa0::m::T1<0xa1::m::T3, u32> {
            a: address,
            p: struct 0xa1::m::T3 {
                y: u16,
            },
            q: vector<u32>,
        },
        u: struct 0xa1::m::T4 {
            z: u32,
        },
    },
    v: struct 0xa0::m::T2 {
        x: u8,
    },
    w: struct 0xa1::m::T3 {
        y: u16,
    },
    x: struct 0xb0::m::T0 {
        m: struct 0xa0::m::T2 {
            x: u8,
        },
        n: struct 0xa0::n::T0 {
            t: struct 0xa0::m::T1<u16, u32> {
                a: address,
                p: u16,
                q: vector<u32>,
            },
            u: struct 0xa0::m::T2 {
                x: u8,
            },
        },
    },
}
