---
source: crates/sui-package-resolver/src/lib.rs
expression: "format!(\"{layout:#}\")"
---
struct 0xa0::m::T0 {
    b: bool,
    v: vector<struct 0xa0::m::T1<0xa0::m::T2, u128> {
        a: address,
        p: struct 0xa0::m::T2 {
            x: u8,
        },
        q: vector<u128>,
    }>,
}
